// Jest Snapshot v1, https://goo.gl/fbAQLP

exports[`renders movie list 1`] = `
<div
  className="movies-container"
/>
`;
