// Jest Snapshot v1, https://goo.gl/fbAQLP

exports[`renders movie list container 1`] = `
<div
  className="movie-list-container"
/>
`;
