// Jest Snapshot v1, https://goo.gl/fbAQLP

exports[`renders error boundary 1`] = `<div />`;
